global_palette.h
global_palette.c
arrow.h
arrow.c
bullet.h
bullet.c
clock.h
clock.c
battle_icon.h
battle_icon.c
deck_icon.h
deck_icon.c
trophy.h
trophy.c
blue_crown.h
blue_crown.c
red_crown.h
red_crown.c
empty_crown.h
empty_crown.c
deck_text.h
deck_text.c
gold_coin.h
gold_coin.c
exit_button.h
exit_button.c
play_again.h
play_again.c
ok_button.h
ok_button.c
silver_chest.h
silver_chest.c
gold_chest.h
gold_chest.c
magical_chest.h
magical_chest.c
miner_card.h
miner_card.c
musketeer_card.h
musketeer_card.c
balloon_card.h
balloon_card.c
giant_card.h
giant_card.c
zap_card.h
zap_card.c
poison_card.h
poison_card.c
elixir_collector_card.h
elixir_collector_card.c
knight_card.h
knight_card.c
princess_tower.h
princess_tower.c
princess_tower_opponent.h
princess_tower_opponent.c
king_tower.h
king_tower.c
king_tower_opponent.h
king_tower_opponent.c
grass.h
grass.c
riverbank.h
riverbank.c
riverbank_alt.h
riverbank_alt.c
bridge.h
bridge.c
walkway_small.h
walkway_small.c
walkway_opponent_small.h
walkway_opponent_small.c
logo.h
logo.c
battle.h
battle.c
miner_stepL.h
miner_stepL.c
miner_stepR.h
miner_stepR.c
miner_attack.h
miner_attack.c
miner_stepL_opp.h
miner_stepL_opp.c
miner_stepR_opp.h
miner_stepR_opp.c
miner_attack_opp.h
miner_attack_opp.c
musketeer_stepN.h
musketeer_stepN.c
musketeer_stepL.h
musketeer_stepL.c
musketeer_stepR.h
musketeer_stepR.c
musketeer_attack.h
musketeer_attack.c
musketeer_stepL_opp.h
musketeer_stepL_opp.c
musketeer_stepR_opp.h
musketeer_stepR_opp.c
musketeer_attack_opp.h
musketeer_attack_opp.c
g_stepN.h
g_stepN.c
g_stepL.h
g_stepL.c
g_stepR.h
g_stepR.c
g_attack.h
g_attack.c
g_stepN_opp.h
g_stepN_opp.c
g_stepL_opp.h
g_stepL_opp.c
g_stepR_opp.h
g_stepR_opp.c
g_attack_opp.h
g_attack_opp.c
knight_stepN.h
knight_stepN.c
knight_stepL.h
knight_stepL.c
knight_stepR.h
knight_stepR.c
knight_attack.h
knight_attack.c
knight_stepN_opp.h
knight_stepN_opp.c
knight_stepL_opp.h
knight_stepL_opp.c
knight_stepR_opp.h
knight_stepR_opp.c
knight_attack_opp.h
knight_attack_opp.c
balloon.h
balloon.c
balloon_opp.h
balloon_opp.c
elixir_collector.h
elixir_collector.c
gfx.h
